{"data":{"ingredients":[{"status":"PUBLISHED","updatedAt":"2019-07-09T10:01:19.803Z","createdAt":"2019-06-24T12:06:28.582Z","id":"cjxac52hychgy0910j313jdyq","name":"Mehl","description":null,"season":["Winter","Fall"],"price":3,"recipes":[{"status":"PUBLISHED","updatedAt":"2019-06-24T12:07:27.534Z","createdAt":"2019-06-24T12:07:27.534Z","id":"cjxac6bziccie0941viedjs7x","title":"Broetchen","description":null,"prepTime":null,"cookTime":null,"ingredients":[{"status":"PUBLISHED","updatedAt":"2019-07-09T10:01:19.803Z","createdAt":"2019-06-24T12:06:28.582Z","id":"cjxac52hychgy0910j313jdyq","name":"Mehl","description":null,"season":["Winter","Fall"],"price":3},{"status":"PUBLISHED","updatedAt":"2019-07-09T07:01:58.640Z","createdAt":"2019-06-24T12:06:44.389Z","id":"cjxac5ep1fppw0d53nbrhqvlm","name":"Butter","description":null,"season":["Winter"],"price":2}],"steps":[],"categories":[{"status":"PUBLISHED","updatedAt":"2019-06-24T12:06:08.230Z","createdAt":"2019-06-24T12:06:03.635Z","id":"cjxac4j8zcc8g0941ksymzawa","title":"Brot","description":null}],"cuisine":[],"images":[]}],"image":{"id":"cjxvn9g65add70941xz1y9jg2","handle":"BA4Ao48KQHOiNukP58n1","mimeType":"image/jpeg"}}]}}