{"data":{"assets":[{"status":"PUBLISHED","updatedAt":"2019-07-09T10:00:58.397Z","createdAt":"2019-07-09T10:00:58.397Z","id":"cjxvn9g65add70941xz1y9jg2","handle":"BA4Ao48KQHOiNukP58n1","fileName":"Sciurus_niger_on_fence.jpg","height":337,"width":300,"size":28855,"mimeType":"image/jpeg","url":"https://media.graphcms.com/BA4Ao48KQHOiNukP58n1","imagesStep":[],"imagesRecipe":[],"imageIngredient":[{"status":"PUBLISHED","updatedAt":"2019-07-09T10:01:19.803Z","createdAt":"2019-06-24T12:06:28.582Z","id":"cjxac52hychgy0910j313jdyq","name":"Mehl","description":null,"season":["Winter","Fall"],"price":3,"recipes":[{"status":"PUBLISHED","updatedAt":"2019-06-24T12:07:27.534Z","createdAt":"2019-06-24T12:07:27.534Z","id":"cjxac6bziccie0941viedjs7x","title":"Broetchen","description":null,"prepTime":null,"cookTime":null}],"image":{"id":"cjxvn9g65add70941xz1y9jg2","handle":"BA4Ao48KQHOiNukP58n1","mimeType":"image/jpeg"}}]},{"status":"PUBLISHED","updatedAt":"2019-07-09T10:00:58.496Z","createdAt":"2019-07-09T10:00:58.496Z","id":"cjxvn9g8w2bkx0d53mir8lgoo","handle":"smUKZA7QryOjtD4JiZlm","fileName":"OtospermophilusVariegatusGrandCanyon.jpg","height":974,"width":1220,"size":133558,"mimeType":"image/jpeg","url":"https://media.graphcms.com/smUKZA7QryOjtD4JiZlm","imagesStep":[],"imagesRecipe":[],"imageIngredient":[]},{"status":"PUBLISHED","updatedAt":"2019-07-09T10:00:58.591Z","createdAt":"2019-07-09T10:00:58.591Z","id":"cjxvn9gbj2bl20d53d98m5skx","handle":"rkUJ8LTSU61CeQpooOBo","fileName":"Sciurus-vulgaris_hernandeangelis_stockholm_2008-06-04.jpg","height":1004,"width":1500,"size":249959,"mimeType":"image/jpeg","url":"https://media.graphcms.com/rkUJ8LTSU61CeQpooOBo","imagesStep":[],"imagesRecipe":[],"imageIngredient":[]}],"recipes":[],"ingredients":[{"status":"PUBLISHED","updatedAt":"2019-07-09T07:01:58.640Z","createdAt":"2019-06-24T12:06:44.389Z","id":"cjxac5ep1fppw0d53nbrhqvlm","name":"Butter","description":null,"season":["Winter"],"price":2,"recipes":[{"status":"PUBLISHED","updatedAt":"2019-06-24T12:07:27.534Z","createdAt":"2019-06-24T12:07:27.534Z","id":"cjxac6bziccie0941viedjs7x","title":"Broetchen","description":null,"prepTime":null,"cookTime":null,"ingredients":[{"status":"PUBLISHED","updatedAt":"2019-07-09T10:01:19.803Z","createdAt":"2019-06-24T12:06:28.582Z","id":"cjxac52hychgy0910j313jdyq","name":"Mehl","description":null,"season":["Winter","Fall"],"price":3},{"status":"PUBLISHED","updatedAt":"2019-07-09T07:01:58.640Z","createdAt":"2019-06-24T12:06:44.389Z","id":"cjxac5ep1fppw0d53nbrhqvlm","name":"Butter","description":null,"season":["Winter"],"price":2}],"steps":[],"categories":[{"status":"PUBLISHED","updatedAt":"2019-06-24T12:06:08.230Z","createdAt":"2019-06-24T12:06:03.635Z","id":"cjxac4j8zcc8g0941ksymzawa","title":"Brot","description":null}],"cuisine":[],"images":[]}],"image":null},{"status":"PUBLISHED","updatedAt":"2019-07-09T07:02:03.591Z","createdAt":"2019-06-24T12:06:51.033Z","id":"cjxac5jtlcce70941sa2y768j","name":"Zucker","description":null,"season":[],"price":3,"recipes":[],"image":null}],"categories":[{"status":"PUBLISHED","updatedAt":"2019-07-29T10:52:28.754Z","createdAt":"2019-07-29T10:52:24.202Z","id":"cjyo9wmiy7gqz09410ga238r8","title":"Cracker","description":null,"recipes":[]}],"cuisines":[]}}